Frank has special power KID
Dan has special power LUCKY_MAN
Steven has special power CUNNING
Erik has special power VULTURE
[Player(name=Frank, wounds=0, numClickCards=5, numBangCards=3, isGodFather=false, playerPosition=STANDING, lootCards=[], specialPower=KID), Player(name=Dan, wounds=0, numClickCards=5, numBangCards=3, isGodFather=true, playerPosition=STANDING, lootCards=[], specialPower=LUCKY_MAN), Player(name=Steven, wounds=0, numClickCards=5, numBangCards=3, isGodFather=false, playerPosition=STANDING, lootCards=[], specialPower=CUNNING), Player(name=Erik, wounds=0, numClickCards=5, numBangCards=3, isGodFather=false, playerPosition=STANDING, lootCards=[], specialPower=VULTURE)]
Round 1
Godfather: Dan

Step 1: Loot
Loot for this round:
• painting
• clip
• cash worth 20000
• diamond worth 5000
• diamond worth 1000
• first aid kit
• painting
• cash worth 10000
• godfather card

Step 2: Choice of the Bullet card
Choose your action:
1) Bullet
2) Click

Frank choose your card
2
Frank chose BANG

Dan choose your card
2
Dan chose BANG

Steven choose your card
2
Steven chose BANG

Erik choose your card
Erik chose CLICK


Step 3: Hold-Up

Dan: Choose a player to point your gun at:
1) Frank
2) Steven
3) Erik
Dan points their gun at Steven

Steven: Choose a player to point your gun at:
1) Frank
2) Dan
3) Erik
Steven points their gun at Erik

Erik: Choose a player to point your gun at:
1) Frank
2) Dan
3) Steven
Erik points their gun at Steven

Frank: Choose a player to point your gun at:
1) Dan
2) Steven
3) Erik
Frank points their gun at Steven

Step 4: Godfather's Privilege

Dan: Order another player to change target:
1) Frank
2) Steven
3) Erik
4) Nobody
Godfather chose nobody

Step 5: Courage
Frank: Lay down or stay standing
Frank lays down
Dan: Lay down or stay standing
Dan lays down
Steven: Lay down or stay standing
Steven lays down
Erik: Lay down or stay standing
Erik lays down

Step 6: Card effects
Dan fires a BANG at Steven who is LAYING_DOWN

Steven fires a BANG at Erik who is LAYING_DOWN

Erik fires a BANG at Steven who is LAYING_DOWN

Frank fires a CLICK at Steven who is LAYING_DOWN

Step 7: Loot Collection
No players are eligible for loot
Round 2
Godfather: Dan

Step 1: Loot
Loot for this round:
• cash worth 10000
• cash worth 10000
• cash worth 20000
• cash worth 10000
• cash worth 10000
• cash worth 5000
• cash worth 20000
• cash worth 5000
• godfather card

Step 2: Choice of the Bullet card
Choose your action:
1) Bullet
2) Click

Frank choose your card
Frank chose CLICK

Dan choose your card
1
Dan chose BANG

Steven choose your card
1
Steven chose BANG

Erik choose your card
Erik chose CLICK


Step 3: Hold-Up

Dan: Choose a player to point your gun at:
1) Frank
2) Steven
3) Erik
Dan points their gun at Frank

Steven: Choose a player to point your gun at:
1) Frank
2) Dan
3) Erik
Steven points their gun at Erik

Erik: Choose a player to point your gun at:
1) Frank
2) Dan
3) Steven
Erik points their gun at Steven

Frank: Choose a player to point your gun at:
1) Dan
2) Steven
3) Erik
Frank points their gun at Steven

Step 4: Godfather's Privilege

Dan: Order another player to change target:
1) Frank
2) Steven
3) Erik
4) Nobody
Godfather chose nobody

Step 5: Courage
Frank: Lay down or stay standing
Frank stays standing
Dan: Lay down or stay standing
Dan stays standing
Steven: Lay down or stay standing
Steven lays down
Erik: Lay down or stay standing
Erik stays standing

Step 6: Card effects
Dan fires a CLICK at Frank who is STANDING

Steven fires a BANG at Erik who is STANDING
Erik gains 1 wound, they now have 1 wounds

Erik fires a BANG at Steven who is LAYING_DOWN

Frank fires a CLICK at Steven who is LAYING_DOWN

Step 7: Loot Collection
Dan: choose your loot
Dan collects cash worth 5000
Frank: choose your loot
Frank collects cash worth 20000
Dan: choose your loot
Dan collects cash worth 10000
Frank: choose your loot
Frank collects godfather card
Dan: choose your loot
Dan collects cash worth 10000
Frank: choose your loot
Frank collects cash worth 5000
Dan: choose your loot
Dan collects cash worth 10000
Frank: choose your loot
Frank collects cash worth 20000
Dan: choose your loot
Dan collects cash worth 10000
Round 3
Godfather: Frank

Step 1: Loot
Loot for this round:
• cash worth 5000
• cash worth 20000
• painting
• first aid kit
• painting
• diamond worth 1000
• cash worth 5000
• diamond worth 1000
• godfather card

Step 2: Choice of the Bullet card
Choose your action:
1) Bullet
2) Click

Frank choose your card
Frank chose CLICK

Dan choose your card
0
Dan chose BANG

Steven choose your card
Steven chose CLICK

Erik choose your card
2
Erik chose BANG


Step 3: Hold-Up

Dan: Choose a player to point your gun at:
1) Frank
2) Steven
3) Erik
Dan points their gun at Erik

Steven: Choose a player to point your gun at:
1) Frank
2) Dan
3) Erik
Steven points their gun at Dan

Erik: Choose a player to point your gun at:
1) Frank
2) Dan
3) Steven
Erik points their gun at Steven

Frank: Choose a player to point your gun at:
1) Dan
2) Steven
3) Erik
Frank points their gun at Steven

Step 4: Godfather's Privilege

Frank: Order another player to change target:
1) Dan
2) Steven
3) Erik
4) Nobody
Godfather chose Steven

1) Erik
2) Frank
Steven redirects and points their gun at Frank

Step 5: Courage
Frank: Lay down or stay standing
Frank lays down
Dan: Lay down or stay standing
Dan stays standing
Steven: Lay down or stay standing
Steven stays standing
Erik: Lay down or stay standing
Erik lays down

Step 6: Card effects
Dan fires a CLICK at Erik who is LAYING_DOWN

Erik fires a BANG at Steven who is STANDING
Steven gains 1 wound, they now have 1 wounds

Frank fires a CLICK at Steven who is LAYING_DOWN

Steven fires a BANG at Frank who is LAYING_DOWN

Step 7: Loot Collection
Dan: choose your loot
Dan collects diamond worth 1000
Dan: choose your loot
Dan collects painting
Dan: choose your loot
Dan collects painting
Dan: choose your loot
Dan collects cash worth 5000
Dan: choose your loot
Dan collects cash worth 5000
Dan: choose your loot
Dan collects cash worth 20000
Dan: choose your loot
Dan collects godfather card
Dan: choose your loot
Dan collects first aid kit
Dan: choose your loot
Dan collects diamond worth 1000
Round 4
Godfather: Dan

Step 1: Loot
Loot for this round:
• cash worth 5000
• clip
• diamond worth 10000
• cash worth 5000
• cash worth 20000
• cash worth 10000
• cash worth 20000
• cash worth 5000
• godfather card

Step 2: Choice of the Bullet card
Choose your action:
1) Bullet
2) Click

Frank choose your card
Frank chose CLICK

Dan choose your card
You have no bang cards, you must choose a click card
Dan chose CLICK

Steven choose your card
Steven chose CLICK

Erik choose your card
1
Erik chose BANG


Step 3: Hold-Up

Dan: Choose a player to point your gun at:
1) Frank
2) Steven
3) Erik
Dan points their gun at Erik

Steven: Choose a player to point your gun at:
1) Frank
2) Dan
3) Erik
Steven points their gun at Dan

Erik: Choose a player to point your gun at:
1) Frank
2) Dan
3) Steven
Erik points their gun at Dan

Frank: Choose a player to point your gun at:
1) Dan
2) Steven
3) Erik
Frank points their gun at Steven

Step 4: Godfather's Privilege

Dan: Order another player to change target:
1) Frank
2) Steven
3) Erik
4) Nobody
Godfather chose Erik

1) Steven
2) Frank
Erik redirects and points their gun at Steven

Step 5: Courage
Frank: Lay down or stay standing
Frank stays standing
Dan: Lay down or stay standing
Dan stays standing
Steven: Lay down or stay standing
Steven lays down
Erik: Lay down or stay standing
Erik stays standing

Step 6: Card effects
Dan fires a CLICK at Erik who is STANDING

Steven fires a CLICK at Dan who is STANDING

Frank fires a CLICK at Steven who is LAYING_DOWN

Erik fires a BANG at Steven who is LAYING_DOWN

Step 7: Loot Collection
Dan: choose your loot
Dan collects cash worth 5000
Erik: choose your loot
Erik collects cash worth 10000
Frank: choose your loot
Frank collects diamond worth 10000
Dan: choose your loot
Dan collects godfather card
Erik: choose your loot
Erik collects cash worth 5000
Frank: choose your loot
Frank collects cash worth 20000
Dan: choose your loot
Dan collects clip
Dan gains bang card
Erik: choose your loot
Erik collects cash worth 20000
Frank: choose your loot
Frank collects cash worth 5000
Round 5
Godfather: Dan

Step 1: Loot
Loot for this round:
• cash worth 20000
• cash worth 5000
• cash worth 10000
• diamond worth 5000
• cash worth 5000
• cash worth 20000
• cash worth 10000
• painting
• godfather card

Step 2: Choice of the Bullet card
Choose your action:
1) Bullet
2) Click

Frank choose your card
Frank chose CLICK

Dan choose your card
0
Dan chose BANG

Steven choose your card
0
Steven chose BANG

Erik choose your card
0
Erik chose BANG


Step 3: Hold-Up

Dan: Choose a player to point your gun at:
1) Frank
2) Steven
3) Erik
Dan points their gun at Frank

Steven: Choose a player to point your gun at:
1) Frank
2) Dan
3) Erik
Steven points their gun at Frank

Erik: Choose a player to point your gun at:
1) Frank
2) Dan
3) Steven
Erik points their gun at Steven

Frank: Choose a player to point your gun at:
1) Dan
2) Steven
3) Erik
Frank points their gun at Dan

Step 4: Godfather's Privilege

Dan: Order another player to change target:
1) Frank
2) Steven
3) Erik
4) Nobody
Godfather chose nobody

Step 5: Courage
Frank: Lay down or stay standing
Frank lays down
Dan: Lay down or stay standing
Dan lays down
Steven: Lay down or stay standing
Steven stays standing
Erik: Lay down or stay standing
Erik stays standing

Step 6: Card effects
Dan fires a CLICK at Frank who is LAYING_DOWN

Steven fires a BANG at Frank who is LAYING_DOWN

Erik fires a BANG at Steven who is STANDING
Steven gains 1 wound, they now have 2 wounds

Frank fires a BANG at Dan who is LAYING_DOWN

Step 7: Loot Collection
Erik: choose your loot
Erik collects cash worth 5000
Erik: choose your loot
Erik collects godfather card
Erik: choose your loot
Erik collects cash worth 10000
Erik: choose your loot
Erik collects cash worth 20000
Erik: choose your loot
Erik collects cash worth 10000
Erik: choose your loot
Erik collects painting
Erik: choose your loot
Erik collects cash worth 20000
Erik: choose your loot
Erik collects diamond worth 5000
Erik: choose your loot
Erik collects cash worth 5000
Round 6
Godfather: Erik

Step 1: Loot
Loot for this round:
• cash worth 10000
• cash worth 10000
• cash worth 20000
• cash worth 20000
• cash worth 5000
• cash worth 5000
• cash worth 10000
• cash worth 10000
• godfather card

Step 2: Choice of the Bullet card
Choose your action:
1) Bullet
2) Click

Frank choose your card
1
Frank chose BANG

Dan choose your card
You have no bang cards, you must choose a click card
Dan chose CLICK

Steven choose your card
You have no bang cards, you must choose a click card
Steven chose CLICK

Erik choose your card
You have no bang cards, you must choose a click card
Erik chose CLICK


Step 3: Hold-Up

Dan: Choose a player to point your gun at:
1) Frank
2) Steven
3) Erik
Dan points their gun at Frank

Steven: Choose a player to point your gun at:
1) Frank
2) Dan
3) Erik
Steven points their gun at Erik

Erik: Choose a player to point your gun at:
1) Frank
2) Dan
3) Steven
Erik points their gun at Dan

Frank: Choose a player to point your gun at:
1) Dan
2) Steven
3) Erik
Frank points their gun at Steven

Step 4: Godfather's Privilege

Erik: Order another player to change target:
1) Frank
2) Dan
3) Steven
4) Nobody
Godfather chose nobody

Step 5: Courage
Frank: Lay down or stay standing
Frank stays standing
Dan: Lay down or stay standing
Dan stays standing
Steven: Lay down or stay standing
Steven stays standing
Erik: Lay down or stay standing
Erik lays down

Step 6: Card effects
Dan fires a BANG at Frank who is STANDING
Frank gains 1 wound, they now have 1 wounds

Steven fires a CLICK at Erik who is LAYING_DOWN

Erik fires a CLICK at Dan who is STANDING

Frank fires a CLICK at Steven who is STANDING

Step 7: Loot Collection
Dan: choose your loot
Dan collects godfather card
Steven: choose your loot
Steven collects cash worth 10000
Dan: choose your loot
Dan collects cash worth 5000
Steven: choose your loot
Steven collects cash worth 10000
Dan: choose your loot
Dan collects cash worth 20000
Steven: choose your loot
Steven collects cash worth 10000
Dan: choose your loot
Dan collects cash worth 10000
Steven: choose your loot
Steven collects cash worth 20000
Dan: choose your loot
Dan collects cash worth 5000
Round 7
Godfather: Dan

Step 1: Loot
Loot for this round:
• cash worth 5000
• cash worth 5000
• diamond worth 1000
• painting
• cash worth 10000
• cash worth 5000
• cash worth 10000
• painting
• godfather card

Step 2: Choice of the Bullet card
Choose your action:
1) Bullet
2) Click

Frank choose your card
0
Frank chose BANG

Dan choose your card
You have no bang cards, you must choose a click card
Dan chose CLICK

Steven choose your card
You have no bang cards, you must choose a click card
Steven chose CLICK

Erik choose your card
You have no bang cards, you must choose a click card
Erik chose CLICK


Step 3: Hold-Up

Dan: Choose a player to point your gun at:
1) Frank
2) Steven
3) Erik
Dan points their gun at Frank

Steven: Choose a player to point your gun at:
1) Frank
2) Dan
3) Erik
Steven points their gun at Erik

Erik: Choose a player to point your gun at:
1) Frank
2) Dan
3) Steven
Erik points their gun at Dan

Frank: Choose a player to point your gun at:
1) Dan
2) Steven
3) Erik
Frank points their gun at Dan

Step 4: Godfather's Privilege

Dan: Order another player to change target:
1) Frank
2) Steven
3) Erik
4) Nobody
Godfather chose nobody

Step 5: Courage
Frank: Lay down or stay standing
Frank stays standing
Dan: Lay down or stay standing
Dan lays down
Steven: Lay down or stay standing
Steven stays standing
Erik: Lay down or stay standing
Erik lays down

Step 6: Card effects
Dan fires a BANG at Frank who is STANDING
Frank gains 1 wound, they now have 2 wounds

Steven fires a CLICK at Erik who is LAYING_DOWN

Erik fires a CLICK at Dan who is LAYING_DOWN

Frank fires a CLICK at Dan who is LAYING_DOWN

Step 7: Loot Collection
Steven: choose your loot
Steven collects godfather card
Steven: choose your loot
Steven collects painting
Steven: choose your loot
Steven collects cash worth 5000
Steven: choose your loot
Steven collects cash worth 5000
Steven: choose your loot
Steven collects diamond worth 1000
Steven: choose your loot
Steven collects cash worth 5000
Steven: choose your loot
Steven collects painting
Steven: choose your loot
Steven collects cash worth 10000
Steven: choose your loot
Steven collects cash worth 10000
Round 8
Godfather: Steven

Step 1: Loot
Loot for this round:
• painting
• clip
• painting
• cash worth 5000
• cash worth 10000
• diamond worth 5000
• diamond worth 1000
• painting
• godfather card

Step 2: Choice of the Bullet card
Choose your action:
1) Bullet
2) Click

Frank choose your card
You have no bang cards, you must choose a click card
Frank chose CLICK

Dan choose your card
You have no bang cards, you must choose a click card
Dan chose CLICK

Steven choose your card
You have no bang cards, you must choose a click card
Steven chose CLICK

Erik choose your card
You have no bang cards, you must choose a click card
Erik chose CLICK


Step 3: Hold-Up

Dan: Choose a player to point your gun at:
1) Frank
2) Steven
3) Erik
Dan points their gun at Steven

Steven: Choose a player to point your gun at:
1) Frank
2) Dan
3) Erik
Steven points their gun at Dan

Erik: Choose a player to point your gun at:
1) Frank
2) Dan
3) Steven
Erik points their gun at Dan

Frank: Choose a player to point your gun at:
1) Dan
2) Steven
3) Erik
Frank points their gun at Steven

Step 4: Godfather's Privilege

Steven: Order another player to change target:
1) Frank
2) Dan
3) Erik
4) Nobody
Godfather chose nobody

Step 5: Courage
Frank: Lay down or stay standing
Frank stays standing
Dan: Lay down or stay standing
Dan stays standing
Steven: Lay down or stay standing
Steven lays down
Erik: Lay down or stay standing
Erik lays down

Step 6: Card effects
Dan fires a CLICK at Steven who is LAYING_DOWN

Steven fires a CLICK at Dan who is STANDING

Erik fires a CLICK at Dan who is STANDING

Frank fires a CLICK at Steven who is LAYING_DOWN

Step 7: Loot Collection
Frank: choose your loot
Frank collects painting
Dan: choose your loot
Dan collects diamond worth 5000
Frank: choose your loot
Frank collects painting
Dan: choose your loot
Dan collects painting
Frank: choose your loot
Frank collects godfather card
Dan: choose your loot
Dan collects cash worth 5000
Frank: choose your loot
Frank collects diamond worth 1000
Dan: choose your loot
Dan collects cash worth 10000
Frank: choose your loot
Frank collects clip

Results: [(Frank, 93000), (Dan, 232000), (Steven, 98000), (Erik, 114000)]

The winner is: Dan!
